  3D SceneViewer.cpp
E:\Object-Loader-OPENGL\SetupOpenGL\Mesh.h(27,14): error C2065: 'Vertexs': undeclared identifier
  (compiling source file '3D%20SceneViewer.cpp')
  
E:\Object-Loader-OPENGL\SetupOpenGL\Mesh.h(27,7): error C2923: 'std::vector': 'Vertexs' is not a valid template type argument for parameter '_Ty'
  (compiling source file '3D%20SceneViewer.cpp')
  E:\Object-Loader-OPENGL\SetupOpenGL\Mesh.h(27,14):
  see declaration of 'Vertexs'
  
E:\Object-Loader-OPENGL\SetupOpenGL\Mesh.h(27,7): error C2976: 'std::vector': too few template arguments
  (compiling source file '3D%20SceneViewer.cpp')
  D:\Program Files\Microsoft Visual Studio\2022\Community\VC\Tools\MSVC\14.38.33130\include\vector(436,1):
  see declaration of 'std::vector'
  
E:\Object-Loader-OPENGL\SetupOpenGL\Mesh.h(27,29): error C2955: 'std::vector': use of class template requires template argument list
  (compiling source file '3D%20SceneViewer.cpp')
  D:\Program Files\Microsoft Visual Studio\2022\Community\VC\Tools\MSVC\14.38.33130\include\vector(436,1):
  see declaration of 'std::vector'
  
E:\Object-Loader-OPENGL\SetupOpenGL\3D SceneViewer.cpp(112,45): warning C4305: 'argument': truncation from 'double' to 'float'
  Mesh.cpp
E:\Object-Loader-OPENGL\SetupOpenGL\Mesh.h(27,14): error C2065: 'Vertexs': undeclared identifier
  (compiling source file 'Mesh.cpp')
  
E:\Object-Loader-OPENGL\SetupOpenGL\Mesh.h(27,7): error C2923: 'std::vector': 'Vertexs' is not a valid template type argument for parameter '_Ty'
  (compiling source file 'Mesh.cpp')
  E:\Object-Loader-OPENGL\SetupOpenGL\Mesh.h(27,14):
  see declaration of 'Vertexs'
  
E:\Object-Loader-OPENGL\SetupOpenGL\Mesh.h(27,7): error C2976: 'std::vector': too few template arguments
  (compiling source file 'Mesh.cpp')
  D:\Program Files\Microsoft Visual Studio\2022\Community\VC\Tools\MSVC\14.38.33130\include\vector(436,1):
  see declaration of 'std::vector'
  
E:\Object-Loader-OPENGL\SetupOpenGL\Mesh.h(27,29): error C2955: 'std::vector': use of class template requires template argument list
  (compiling source file 'Mesh.cpp')
  D:\Program Files\Microsoft Visual Studio\2022\Community\VC\Tools\MSVC\14.38.33130\include\vector(436,1):
  see declaration of 'std::vector'
  
E:\Object-Loader-OPENGL\SetupOpenGL\Mesh.cpp(7,1): error C2512: 'std::vector': no appropriate default constructor available
  D:\Program Files\Microsoft Visual Studio\2022\Community\VC\Tools\MSVC\14.38.33130\include\vector(436,1):
  see declaration of 'std::vector'
  
E:\Object-Loader-OPENGL\SetupOpenGL\Mesh.cpp(51,77): error C2102: '&' requires l-value
E:\Object-Loader-OPENGL\SetupOpenGL\Mesh.cpp(71,1): error C2036: 'std::vector': unknown size
  Object.cpp
E:\Object-Loader-OPENGL\SetupOpenGL\Mesh.h(27,14): error C2065: 'Vertexs': undeclared identifier
  (compiling source file 'Object.cpp')
  
E:\Object-Loader-OPENGL\SetupOpenGL\Mesh.h(27,7): error C2923: 'std::vector': 'Vertexs' is not a valid template type argument for parameter '_Ty'
  (compiling source file 'Object.cpp')
  E:\Object-Loader-OPENGL\SetupOpenGL\Mesh.h(27,14):
  see declaration of 'Vertexs'
  
E:\Object-Loader-OPENGL\SetupOpenGL\Mesh.h(27,7): error C2976: 'std::vector': too few template arguments
  (compiling source file 'Object.cpp')
  D:\Program Files\Microsoft Visual Studio\2022\Community\VC\Tools\MSVC\14.38.33130\include\vector(436,1):
  see declaration of 'std::vector'
  
E:\Object-Loader-OPENGL\SetupOpenGL\Mesh.h(27,29): error C2955: 'std::vector': use of class template requires template argument list
  (compiling source file 'Object.cpp')
  D:\Program Files\Microsoft Visual Studio\2022\Community\VC\Tools\MSVC\14.38.33130\include\vector(436,1):
  see declaration of 'std::vector'
  
E:\Object-Loader-OPENGL\SetupOpenGL\Object.cpp(58,66): warning C4267: 'argument': conversion from 'size_t' to 'GLint', possible loss of data
E:\Object-Loader-OPENGL\SetupOpenGL\Object.cpp(81,23): error C2440: '<function-style-cast>': cannot convert from 'initializer list' to 'Mesh'
  E:\Object-Loader-OPENGL\SetupOpenGL\Object.cpp(81,23):
  'Mesh::Mesh': no overloaded function could convert all the argument types
  	E:\Object-Loader-OPENGL\SetupOpenGL\Mesh.h(32,2):
  	could be 'Mesh::Mesh(std::vector<Vertex,std::allocator<Vertex>>,std::vector<unsigned int,std::allocator<unsigned int>>,std::vector<Texture,std::allocator<Texture>>,Shader &)'
  		E:\Object-Loader-OPENGL\SetupOpenGL\Object.cpp(81,23):
  		'Mesh::Mesh(std::vector<Vertex,std::allocator<Vertex>>,std::vector<unsigned int,std::allocator<unsigned int>>,std::vector<Texture,std::allocator<Texture>>,Shader &)': cannot convert argument 1 from 'std::vector<Vertexs,std::allocator<Vertexs>>' to 'std::vector<Vertex,std::allocator<Vertex>>'
  			E:\Object-Loader-OPENGL\SetupOpenGL\Object.cpp(81,32):
  			No user-defined-conversion operator available that can perform this conversion, or the operator cannot be called
  	E:\Object-Loader-OPENGL\SetupOpenGL\Object.cpp(81,23):
  	while trying to match the argument list '(std::vector<Vertexs,std::allocator<Vertexs>>, std::vector<unsigned int,std::allocator<unsigned int>>, initializer list, Shader)'
  
  OBJLoader.cpp
E:\Object-Loader-OPENGL\SetupOpenGL\OBJLoader.cpp(51,61): warning C4267: 'argument': conversion from 'size_t' to '_Ty', possible loss of data
E:\Object-Loader-OPENGL\SetupOpenGL\OBJLoader.cpp(51,61): warning C4267:         with
E:\Object-Loader-OPENGL\SetupOpenGL\OBJLoader.cpp(51,61): warning C4267:         [
E:\Object-Loader-OPENGL\SetupOpenGL\OBJLoader.cpp(51,61): warning C4267:             _Ty=unsigned int
E:\Object-Loader-OPENGL\SetupOpenGL\OBJLoader.cpp(51,61): warning C4267:         ]
  Generating Code...
